// Jest Snapshot v1, https://goo.gl/fbAQLP

exports[`NotificationCenter renders correctly if no events 1`] = `null`;
